Recursive Rollout Performance
| Variant | MSE@1 | MSE@2 | MSE@3 | Long MSE | H3 Slope |
|---|---:|---:|---:|---:|---:|
| baseline | 0.8227 | 0.9736 | 1.0358 | 1.0047 | 0.0949 |
| rhrt | 0.7442 | 0.8578 | 0.9259 | 0.8918 | 0.1107 |
| ensemble | 0.7611 | 0.8971 | 0.9393 | 0.9182 | 0.0874 |
| rhrt_ensemble | 0.7379 | 0.8266 | 0.8787 | 0.8527 | 0.0975 |

RHRT Paired Bootstrap: baseline_vs_rhrt
| Metric | Improvement | Relative | 95% CI | P(Improve) |
|---|---:|---:|---|---:|
| mse@2 | 0.1159 | 0.1190 | [0.0029, 0.2607] | 0.9815 |
| mse@3 | 0.1099 | 0.1061 | [-0.0569, 0.3233] | 0.8625 |
| long_horizon_mse | 0.1129 | 0.1123 | [-0.0185, 0.2888] | 0.9265 |
| matched_h3_slope | -0.0157 | -0.1658 | [-0.0503, 0.0113] | 0.1610 |

RHRT Paired Bootstrap: ensemble_vs_rhrt_ensemble
| Metric | Improvement | Relative | 95% CI | P(Improve) |
|---|---:|---:|---|---:|
| mse@2 | 0.0705 | 0.0785 | [0.0009, 0.1637] | 0.9780 |
| mse@3 | 0.0607 | 0.0646 | [-0.0325, 0.1916] | 0.8405 |
| long_horizon_mse | 0.0656 | 0.0714 | [-0.0126, 0.1736] | 0.9285 |
| matched_h3_slope | -0.0101 | -0.1153 | [-0.0338, 0.0104] | 0.1845 |

Ensemble Reliability: ensemble
| Horizon | Spearman rho | High/Low Tertile Ratio |
|---:|---:|---:|
| 1 | 0.4041 | 2.1776 |
| 2 | 0.2542 | 1.8768 |
| 3 | 0.2238 | 1.7007 |
| Macro | 0.2940 | 1.9184 |

Ensemble Reliability: rhrt_ensemble
| Horizon | Spearman rho | High/Low Tertile Ratio |
|---:|---:|---:|
| 1 | 0.4768 | 1.8822 |
| 2 | 0.2439 | 1.4031 |
| 3 | 0.0979 | 1.1163 |
| Macro | 0.2729 | 1.4672 |
